I'm sorry, but errors were detected in your script. Please correct the
errors listed below, and try again.


File "game/script.rpy", line 32: invalid syntax
    Character("[player_name]",, color="#4e3f83")
                               ^

Ren'Py Version: Ren'Py 8.2.3.24061702
Sat Mar 29 21:21:28 2025
